// Jest Snapshot v1, https://goo.gl/fbAQLP

exports[`FormInput Component FormInput renders correctly 1`] = `
<View
  style={
    Object {
      "borderBottomWidth": 1,
      "flexDirection": "row",
      "marginBottom": 0,
      "marginLeft": 25,
      "marginRight": 25,
      "marginTop": 25,
    }
  }
>
  <
    color="#2C384A"
    name="edit"
    size={28}
    style={
      Object {
        "marginBottom": 10,
        "marginRight": 10,
        "marginTop": 0,
      }
    }
  />
  <TextInput
    allowFontScaling={true}
    blurOnSubmit={true}
    keyboardType="default"
    multiline={false}
    name="Enter task"
    numberOfLines={4}
    onSubmitEditing={[Function]}
    placeholder="Enter task"
    placeholderTextColor="grey"
    rejectResponderTermination={true}
    returnKeyType="next"
    style={
      Object {
        "fontSize": 17,
        "maxHeight": 150,
        "width": "100%",
      }
    }
    underlineColorAndroid="transparent"
  />
</View>
`;
